// Jest Snapshot v1, https://goo.gl/fbAQLP

exports[`Story Component should match snapshot 1`] = `
<article
  className="content story-item"
>
  <p>
    <a
      href="http://www.getdropbox.com/u/2/screencast.html"
      target="_blank"
      title="My YC app: Dropbox - Throw away your USB drive"
    >
      My YC app: Dropbox - Throw away your USB drive
    </a>
  </p>
  <div
    className="field is-grouped is-grouped-multiline"
  >
    <div
      className="control"
    >
      <div
        className="tags has-addons"
      >
        <span
          className="tag"
        >
          By
        </span>
        <span
          className="tag is-info"
        >
          dhouston
        </span>
      </div>
    </div>
    <div
      className="control"
    >
      <span
        className="tag is-light"
      >
        <time
          dateTime="2017-01-09 at 19:00"
        >
          2017-01-09 at 19:00
        </time>
      </span>
    </div>
    <div
      className="control"
    >
      <div
        className="tags has-addons"
      >
        <span
          className="tag"
        >
          Score
        </span>
        <span
          className="tag is-primary"
        >
          111
        </span>
      </div>
    </div>
  </div>
</article>
`;
